开始依次执行脚本序列...
==================================================
正在执行: move-pick2.py
执行失败: move-pick2.py
错误码: 1
标准输出:

标准错误:
Traceback (most recent call last):
  File "/data/wxf/wxf/BOX_528_1/move-pick2.py", line 1, in <module>
    from robot_controller import RobotController
  File "/data/wxf/wxf/BOX_528_1/robot_controller.py", line 52, in <module>
    import agibot_gdk
ModuleNotFoundError: No module named 'agibot_gdk'

Traceback (most recent call last):
  File "/data/wxf/wxf/BOX_528_1/execute_sequence_2.py", line 60, in <module>
    main()
  File "/data/wxf/wxf/BOX_528_1/execute_sequence_2.py", line 54, in main
    execute_script(script)
  File "/data/wxf/wxf/BOX_528_1/execute_sequence_2.py", line 8, in execute_script
    result = subprocess.run(['python', script_path],
  File "/usr/lib/python3.10/subprocess.py", line 526, in run
    raise CalledProcessError(retcode, process.args,
subprocess.CalledProcessError: Command '['python', '/data/wxf/wxf/BOX_528_1/move-pick2.py']' returned non-zero exit status 1.
